--------------------------------------------------------------------------------
Release 14.7 Trace  (nt64)
Copyright (c) 1995-2013 Xilinx, Inc.  All rights reserved.

C:\Xilinx\14.7\ISE_DS\ISE\bin\nt64\unwrapped\trce.exe -intstyle ise -v 3 -s 3
-n 3 -fastpaths -xml trojan1.twx trojan1.ncd -o trojan1.twr trojan1.pcf

Design file:              trojan1.ncd
Physical constraint file: trojan1.pcf
Device,package,speed:     xc7a100t,csg324,C,-3 (PRODUCTION 1.10 2013-10-13)
Report level:             verbose report

Environment Variable      Effect 
--------------------      ------ 
NONE                      No environment variables were set
--------------------------------------------------------------------------------

INFO:Timing:2698 - No timing constraints found, doing default enumeration.
INFO:Timing:3412 - To improve timing, see the Timing Closure User Guide (UG612).
INFO:Timing:2752 - To get complete path coverage, use the unconstrained paths 
   option. All paths that are not constrained will be reported in the 
   unconstrained paths section(s) of the report.
INFO:Timing:3339 - The clock-to-out numbers in this timing report are based on 
   a 50 Ohm transmission line loading model.  For the details of this model, 
   and for more information on accounting for different loading conditions, 
   please see the device datasheet.



Data Sheet report:
-----------------
All values displayed in nanoseconds (ns)

Pad to Pad
---------------+---------------+---------+
Source Pad     |Destination Pad|  Delay  |
---------------+---------------+---------+
btnl           |led<0>         |   14.565|
btnl           |led<1>         |   13.467|
btnl           |led<2>         |   14.530|
btnl           |led<3>         |   14.178|
btnl           |led<4>         |   14.276|
btnl           |led<5>         |   14.477|
btnl           |led<6>         |   14.661|
btnl           |led<7>         |   14.691|
btnr           |led<0>         |   14.336|
btnr           |led<1>         |   13.238|
btnr           |led<2>         |   14.301|
btnr           |led<3>         |   13.949|
btnr           |led<4>         |   14.047|
btnr           |led<5>         |   14.248|
btnr           |led<6>         |   14.432|
btnr           |led<7>         |   14.462|
inkey<0><0>    |led<0>         |    7.966|
inkey<0><1>    |led<1>         |    7.736|
inkey<0><2>    |led<2>         |    7.666|
inkey<0><3>    |led<3>         |    7.931|
inkey<0><4>    |led<4>         |    7.804|
inkey<0><5>    |led<5>         |    7.472|
inkey<0><6>    |led<6>         |    7.409|
inkey<0><7>    |led<7>         |    7.839|
inkey<0><8>    |led<0>         |    7.676|
inkey<0><9>    |led<1>         |    7.842|
inkey<0><10>   |led<2>         |    7.594|
inkey<0><11>   |led<3>         |    7.226|
inkey<0><12>   |led<4>         |    7.539|
inkey<0><13>   |led<5>         |    7.183|
inkey<0><14>   |led<6>         |    7.060|
inkey<0><15>   |led<7>         |    7.397|
inkey<0><16>   |led<0>         |    7.510|
inkey<0><17>   |led<1>         |    7.341|
inkey<0><18>   |led<2>         |    7.129|
inkey<0><19>   |led<3>         |    7.281|
inkey<0><20>   |led<4>         |    7.431|
inkey<0><21>   |led<5>         |    7.347|
inkey<0><22>   |led<6>         |    6.870|
inkey<0><23>   |led<7>         |    6.893|
inkey<0><24>   |led<0>         |    7.562|
inkey<0><25>   |led<1>         |    6.909|
inkey<0><26>   |led<2>         |    7.382|
inkey<0><27>   |led<3>         |    6.790|
inkey<0><28>   |led<4>         |    7.377|
inkey<0><29>   |led<5>         |    7.103|
inkey<0><30>   |led<6>         |    6.885|
inkey<0><31>   |led<7>         |    7.362|
inkey<1><0>    |led<0>         |    9.393|
inkey<1><1>    |led<1>         |    8.376|
inkey<1><2>    |led<2>         |    8.323|
inkey<1><3>    |led<3>         |    8.544|
inkey<1><4>    |led<4>         |    9.040|
inkey<1><5>    |led<5>         |    8.702|
inkey<1><6>    |led<6>         |    8.756|
inkey<1><7>    |led<7>         |    8.475|
inkey<1><8>    |led<0>         |    9.750|
inkey<1><9>    |led<1>         |    8.723|
inkey<1><10>   |led<2>         |    8.899|
inkey<1><11>   |led<3>         |    9.002|
inkey<1><12>   |led<4>         |    9.214|
inkey<1><13>   |led<5>         |    8.766|
inkey<1><14>   |led<6>         |    9.249|
inkey<1><15>   |led<7>         |    8.846|
inkey<1><16>   |led<0>         |    8.998|
inkey<1><17>   |led<1>         |    7.872|
inkey<1><18>   |led<2>         |    8.254|
inkey<1><19>   |led<3>         |    8.690|
inkey<1><20>   |led<4>         |    8.399|
inkey<1><21>   |led<5>         |    8.210|
inkey<1><22>   |led<6>         |    8.766|
inkey<1><23>   |led<7>         |    8.418|
inkey<1><24>   |led<0>         |    9.829|
inkey<1><25>   |led<1>         |    8.471|
inkey<1><26>   |led<2>         |    8.786|
inkey<1><27>   |led<3>         |    8.972|
inkey<1><28>   |led<4>         |    8.945|
inkey<1><29>   |led<5>         |    8.782|
inkey<1><30>   |led<6>         |    9.467|
inkey<1><31>   |led<7>         |    8.681|
inkey<2><0>    |led<0>         |    7.570|
inkey<2><1>    |led<1>         |    7.567|
inkey<2><2>    |led<2>         |    7.270|
inkey<2><3>    |led<3>         |    7.640|
inkey<2><4>    |led<4>         |    7.150|
inkey<2><5>    |led<5>         |    7.283|
inkey<2><6>    |led<6>         |    7.101|
inkey<2><7>    |led<7>         |    7.500|
inkey<2><8>    |led<0>         |    8.594|
inkey<2><9>    |led<1>         |    8.118|
inkey<2><10>   |led<2>         |    8.063|
inkey<2><11>   |led<3>         |    8.164|
inkey<2><12>   |led<4>         |    8.015|
inkey<2><13>   |led<5>         |    8.148|
inkey<2><14>   |led<6>         |    7.642|
inkey<2><15>   |led<7>         |    8.413|
inkey<2><16>   |led<0>         |    8.079|
inkey<2><17>   |led<1>         |    8.226|
inkey<2><18>   |led<2>         |    8.574|
inkey<2><19>   |led<3>         |    8.329|
inkey<2><20>   |led<4>         |    8.383|
inkey<2><21>   |led<5>         |    8.549|
inkey<2><22>   |led<6>         |    8.778|
inkey<2><23>   |led<7>         |    8.228|
inkey<2><24>   |led<0>         |    8.963|
inkey<2><25>   |led<1>         |    8.751|
inkey<2><26>   |led<2>         |    8.282|
inkey<2><27>   |led<3>         |    8.918|
inkey<2><28>   |led<4>         |    8.052|
inkey<2><29>   |led<5>         |    8.835|
inkey<2><30>   |led<6>         |    8.427|
inkey<2><31>   |led<7>         |    9.131|
inkey<3><0>    |led<0>         |    8.744|
inkey<3><1>    |led<1>         |    8.959|
inkey<3><2>    |led<2>         |    8.579|
inkey<3><3>    |led<3>         |    8.900|
inkey<3><4>    |led<4>         |    8.741|
inkey<3><5>    |led<5>         |    8.728|
inkey<3><6>    |led<6>         |    8.467|
inkey<3><7>    |led<7>         |    8.255|
inkey<3><8>    |led<0>         |    8.812|
inkey<3><9>    |led<1>         |    8.616|
inkey<3><10>   |led<2>         |    8.739|
inkey<3><11>   |led<3>         |    8.761|
inkey<3><12>   |led<4>         |    8.934|
inkey<3><13>   |led<5>         |    8.737|
inkey<3><14>   |led<6>         |    8.617|
inkey<3><15>   |led<7>         |    8.419|
inkey<3><16>   |led<0>         |    8.460|
inkey<3><17>   |led<1>         |    8.240|
inkey<3><18>   |led<2>         |    8.510|
inkey<3><19>   |led<3>         |    8.313|
inkey<3><20>   |led<4>         |    8.390|
inkey<3><21>   |led<5>         |    8.483|
inkey<3><22>   |led<6>         |    8.818|
inkey<3><23>   |led<7>         |    8.736|
inkey<3><24>   |led<0>         |    9.317|
inkey<3><25>   |led<1>         |    9.182|
inkey<3><26>   |led<2>         |    9.240|
inkey<3><27>   |led<3>         |    9.308|
inkey<3><28>   |led<4>         |    9.283|
inkey<3><29>   |led<5>         |    9.296|
inkey<3><30>   |led<6>         |    9.323|
inkey<3><31>   |led<7>         |    8.950|
inled<0>       |led<0>         |    6.755|
inled<1>       |led<1>         |    6.867|
inled<2>       |led<2>         |    6.789|
inled<3>       |led<3>         |    7.167|
inled<4>       |led<4>         |    7.145|
inled<5>       |led<5>         |    7.215|
inled<6>       |led<6>         |    7.020|
inled<7>       |led<7>         |    7.476|
kyTr           |led<0>         |    9.823|
kyTr           |led<1>         |    9.373|
kyTr           |led<2>         |    9.788|
kyTr           |led<3>         |    9.436|
kyTr           |led<4>         |    9.534|
kyTr           |led<5>         |    9.735|
kyTr           |led<6>         |    9.919|
kyTr           |led<7>         |   10.102|
out1           |led<0>         |   15.206|
out1           |led<1>         |   14.108|
out1           |led<2>         |   15.171|
out1           |led<3>         |   14.819|
out1           |led<4>         |   14.917|
out1           |led<5>         |   15.118|
out1           |led<6>         |   15.302|
out1           |led<7>         |   15.332|
sw<0>          |led<0>         |   14.358|
sw<0>          |led<1>         |   13.260|
sw<0>          |led<2>         |   14.323|
sw<0>          |led<3>         |   13.971|
sw<0>          |led<4>         |   14.069|
sw<0>          |led<5>         |   14.270|
sw<0>          |led<6>         |   14.454|
sw<0>          |led<7>         |   14.484|
sw<1>          |led<0>         |   14.590|
sw<1>          |led<1>         |   13.492|
sw<1>          |led<2>         |   14.555|
sw<1>          |led<3>         |   14.203|
sw<1>          |led<4>         |   14.301|
sw<1>          |led<5>         |   14.502|
sw<1>          |led<6>         |   14.686|
sw<1>          |led<7>         |   14.716|
sw<2>          |led<0>         |   13.818|
sw<2>          |led<1>         |   12.720|
sw<2>          |led<2>         |   13.783|
sw<2>          |led<3>         |   13.431|
sw<2>          |led<4>         |   13.529|
sw<2>          |led<5>         |   13.730|
sw<2>          |led<6>         |   13.914|
sw<2>          |led<7>         |   13.944|
sw<3>          |led<0>         |   14.636|
sw<3>          |led<1>         |   13.538|
sw<3>          |led<2>         |   14.601|
sw<3>          |led<3>         |   14.249|
sw<3>          |led<4>         |   14.347|
sw<3>          |led<5>         |   14.548|
sw<3>          |led<6>         |   14.732|
sw<3>          |led<7>         |   14.762|
sw<4>          |led<0>         |   14.541|
sw<4>          |led<1>         |   13.443|
sw<4>          |led<2>         |   14.506|
sw<4>          |led<3>         |   14.154|
sw<4>          |led<4>         |   14.252|
sw<4>          |led<5>         |   14.453|
sw<4>          |led<6>         |   14.637|
sw<4>          |led<7>         |   14.667|
sw<5>          |led<0>         |   14.279|
sw<5>          |led<1>         |   13.181|
sw<5>          |led<2>         |   14.244|
sw<5>          |led<3>         |   13.892|
sw<5>          |led<4>         |   13.990|
sw<5>          |led<5>         |   14.191|
sw<5>          |led<6>         |   14.375|
sw<5>          |led<7>         |   14.405|
sw<6>          |led<0>         |   14.047|
sw<6>          |led<1>         |   12.949|
sw<6>          |led<2>         |   14.012|
sw<6>          |led<3>         |   13.660|
sw<6>          |led<4>         |   13.758|
sw<6>          |led<5>         |   13.959|
sw<6>          |led<6>         |   14.143|
sw<6>          |led<7>         |   14.173|
sw<7>          |led<0>         |   15.223|
sw<7>          |led<1>         |   14.125|
sw<7>          |led<2>         |   15.188|
sw<7>          |led<3>         |   14.836|
sw<7>          |led<4>         |   14.934|
sw<7>          |led<5>         |   15.135|
sw<7>          |led<6>         |   15.319|
sw<7>          |led<7>         |   15.349|
sw<8>          |led<0>         |   14.873|
sw<8>          |led<1>         |   13.775|
sw<8>          |led<2>         |   14.838|
sw<8>          |led<3>         |   14.486|
sw<8>          |led<4>         |   14.584|
sw<8>          |led<5>         |   14.785|
sw<8>          |led<6>         |   14.969|
sw<8>          |led<7>         |   14.999|
sw<9>          |led<0>         |   15.019|
sw<9>          |led<1>         |   13.921|
sw<9>          |led<2>         |   14.984|
sw<9>          |led<3>         |   14.632|
sw<9>          |led<4>         |   14.730|
sw<9>          |led<5>         |   14.931|
sw<9>          |led<6>         |   15.115|
sw<9>          |led<7>         |   15.145|
sw<10>         |led<0>         |   14.458|
sw<10>         |led<1>         |   13.360|
sw<10>         |led<2>         |   14.423|
sw<10>         |led<3>         |   14.071|
sw<10>         |led<4>         |   14.169|
sw<10>         |led<5>         |   14.370|
sw<10>         |led<6>         |   14.554|
sw<10>         |led<7>         |   14.584|
sw<11>         |led<0>         |   14.654|
sw<11>         |led<1>         |   13.556|
sw<11>         |led<2>         |   14.619|
sw<11>         |led<3>         |   14.267|
sw<11>         |led<4>         |   14.365|
sw<11>         |led<5>         |   14.566|
sw<11>         |led<6>         |   14.750|
sw<11>         |led<7>         |   14.780|
sw<12>         |led<0>         |   14.985|
sw<12>         |led<1>         |   13.887|
sw<12>         |led<2>         |   14.950|
sw<12>         |led<3>         |   14.598|
sw<12>         |led<4>         |   14.696|
sw<12>         |led<5>         |   14.897|
sw<12>         |led<6>         |   15.081|
sw<12>         |led<7>         |   15.111|
sw<13>         |led<0>         |   14.973|
sw<13>         |led<1>         |   13.875|
sw<13>         |led<2>         |   14.938|
sw<13>         |led<3>         |   14.586|
sw<13>         |led<4>         |   14.684|
sw<13>         |led<5>         |   14.885|
sw<13>         |led<6>         |   15.069|
sw<13>         |led<7>         |   15.099|
sw<14>         |led<0>         |   15.190|
sw<14>         |led<1>         |   14.092|
sw<14>         |led<2>         |   15.155|
sw<14>         |led<3>         |   14.803|
sw<14>         |led<4>         |   14.901|
sw<14>         |led<5>         |   15.102|
sw<14>         |led<6>         |   15.286|
sw<14>         |led<7>         |   15.316|
sw<15>         |led<0>         |   15.009|
sw<15>         |led<1>         |   13.911|
sw<15>         |led<2>         |   14.974|
sw<15>         |led<3>         |   14.622|
sw<15>         |led<4>         |   14.720|
sw<15>         |led<5>         |   14.921|
sw<15>         |led<6>         |   15.105|
sw<15>         |led<7>         |   15.135|
val            |led<0>         |   14.527|
val            |led<1>         |   13.429|
val            |led<2>         |   14.492|
val            |led<3>         |   14.140|
val            |led<4>         |   14.238|
val            |led<5>         |   14.439|
val            |led<6>         |   14.623|
val            |led<7>         |   14.653|
---------------+---------------+---------+


Analysis completed Fri Feb 10 14:09:37 2017 
--------------------------------------------------------------------------------

Trace Settings:
-------------------------
Trace Settings 

Peak Memory Usage: 675 MB



